// Jest Snapshot v1, https://goo.gl/fbAQLP

exports[`Test Weather Chart Plot Graph tooltip renders correctly 1`] = `
<DocumentFragment>
  <div
    class="graph"
  >
    <svg
      id="plot"
      style="min-width: 1080px; min-height: 600px; background-color: red;"
    >
      <g>
        <g
          color="black"
          fill="none"
          font-family="sans-serif"
          font-size="10"
          style="font-size: 0.8rem;"
          text-anchor="middle"
          transform="translate(60,540)"
        >
          <path
            class="domain"
            d="M0.5,6V0.5H940.5V6"
            stroke="currentColor"
          />
          <g
            class="tick"
            opacity="1"
            transform="translate(0.5,0)"
          >
            <line
              stroke="currentColor"
              y2="6"
            />
            <text
              dy="0.71em"
              fill="currentColor"
              y="9"
            >
              00:00
            </text>
          </g>
          <g
            class="tick"
            opacity="1"
            transform="translate(41.5,0)"
          >
            <line
              stroke="currentColor"
              y2="6"
            />
            <text
              dy="0.71em"
              fill="currentColor"
              y="9"
            >
              01:00
            </text>
          </g>
          <g
            class="tick"
            opacity="1"
            transform="translate(82.5,0)"
          >
            <line
              stroke="currentColor"
              y2="6"
            />
            <text
              dy="0.71em"
              fill="currentColor"
              y="9"
            >
              02:00
            </text>
          </g>
          <g
            class="tick"
            opacity="1"
            transform="translate(123.5,0)"
          >
            <line
              stroke="currentColor"
              y2="6"
            />
            <text
              dy="0.71em"
              fill="currentColor"
              y="9"
            >
              03:00
            </text>
          </g>
          <g
            class="tick"
            opacity="1"
            transform="translate(163.5,0)"
          >
            <line
              stroke="currentColor"
              y2="6"
            />
            <text
              dy="0.71em"
              fill="currentColor"
              y="9"
            >
              04:00
            </text>
          </g>
          <g
            class="tick"
            opacity="1"
            transform="translate(204.5,0)"
          >
            <line
              stroke="currentColor"
              y2="6"
            />
            <text
              dy="0.71em"
              fill="currentColor"
              y="9"
            >
              05:00
            </text>
          </g>
          <g
            class="tick"
            opacity="1"
            transform="translate(245.5,0)"
          >
            <line
              stroke="currentColor"
              y2="6"
            />
            <text
              dy="0.71em"
              fill="currentColor"
              y="9"
            >
              06:00
            </text>
          </g>
          <g
            class="tick"
            opacity="1"
            transform="translate(286.5,0)"
          >
            <line
              stroke="currentColor"
              y2="6"
            />
            <text
              dy="0.71em"
              fill="currentColor"
              y="9"
            >
              07:00
            </text>
          </g>
          <g
            class="tick"
            opacity="1"
            transform="translate(327.5,0)"
          >
            <line
              stroke="currentColor"
              y2="6"
            />
            <text
              dy="0.71em"
              fill="currentColor"
              y="9"
            >
              08:00
            </text>
          </g>
          <g
            class="tick"
            opacity="1"
            transform="translate(368.5,0)"
          >
            <line
              stroke="currentColor"
              y2="6"
            />
            <text
              dy="0.71em"
              fill="currentColor"
              y="9"
            >
              09:00
            </text>
          </g>
          <g
            class="tick"
            opacity="1"
            transform="translate(409.5,0)"
          >
            <line
              stroke="currentColor"
              y2="6"
            />
            <text
              dy="0.71em"
              fill="currentColor"
              y="9"
            >
              10:00
            </text>
          </g>
          <g
            class="tick"
            opacity="1"
            transform="translate(450.5,0)"
          >
            <line
              stroke="currentColor"
              y2="6"
            />
            <text
              dy="0.71em"
              fill="currentColor"
              y="9"
            >
              11:00
            </text>
          </g>
          <g
            class="tick"
            opacity="1"
            transform="translate(490.5,0)"
          >
            <line
              stroke="currentColor"
              y2="6"
            />
            <text
              dy="0.71em"
              fill="currentColor"
              y="9"
            >
              12:00
            </text>
          </g>
          <g
            class="tick"
            opacity="1"
            transform="translate(531.5,0)"
          >
            <line
              stroke="currentColor"
              y2="6"
            />
            <text
              dy="0.71em"
              fill="currentColor"
              y="9"
            >
              13:00
            </text>
          </g>
          <g
            class="tick"
            opacity="1"
            transform="translate(572.5,0)"
          >
            <line
              stroke="currentColor"
              y2="6"
            />
            <text
              dy="0.71em"
              fill="currentColor"
              y="9"
            >
              14:00
            </text>
          </g>
          <g
            class="tick"
            opacity="1"
            transform="translate(613.5,0)"
          >
            <line
              stroke="currentColor"
              y2="6"
            />
            <text
              dy="0.71em"
              fill="currentColor"
              y="9"
            >
              15:00
            </text>
          </g>
          <g
            class="tick"
            opacity="1"
            transform="translate(654.5,0)"
          >
            <line
              stroke="currentColor"
              y2="6"
            />
            <text
              dy="0.71em"
              fill="currentColor"
              y="9"
            >
              16:00
            </text>
          </g>
          <g
            class="tick"
            opacity="1"
            transform="translate(695.5,0)"
          >
            <line
              stroke="currentColor"
              y2="6"
            />
            <text
              dy="0.71em"
              fill="currentColor"
              y="9"
            >
              17:00
            </text>
          </g>
          <g
            class="tick"
            opacity="1"
            transform="translate(736.5,0)"
          >
            <line
              stroke="currentColor"
              y2="6"
            />
            <text
              dy="0.71em"
              fill="currentColor"
              y="9"
            >
              18:00
            </text>
          </g>
          <g
            class="tick"
            opacity="1"
            transform="translate(777.5,0)"
          >
            <line
              stroke="currentColor"
              y2="6"
            />
            <text
              dy="0.71em"
              fill="currentColor"
              y="9"
            >
              19:00
            </text>
          </g>
          <g
            class="tick"
            opacity="1"
            transform="translate(817.5,0)"
          >
            <line
              stroke="currentColor"
              y2="6"
            />
            <text
              dy="0.71em"
              fill="currentColor"
              y="9"
            >
              20:00
            </text>
          </g>
          <g
            class="tick"
            opacity="1"
            transform="translate(858.5,0)"
          >
            <line
              stroke="currentColor"
              y2="6"
            />
            <text
              dy="0.71em"
              fill="currentColor"
              y="9"
            >
              21:00
            </text>
          </g>
          <g
            class="tick"
            opacity="1"
            transform="translate(899.5,0)"
          >
            <line
              stroke="currentColor"
              y2="6"
            />
            <text
              dy="0.71em"
              fill="currentColor"
              y="9"
            >
              22:00
            </text>
          </g>
          <g
            class="tick"
            opacity="1"
            transform="translate(940.5,0)"
          >
            <line
              stroke="currentColor"
              y2="6"
            />
            <text
              dy="0.71em"
              fill="currentColor"
              y="9"
            >
              23:00
            </text>
          </g>
        </g>
        <text
          class="x-label"
          style="text-anchor: middle;"
          x="530"
          y="580px"
        >
          Time
        </text>
        <g
          color="black"
          fill="none"
          font-family="sans-serif"
          font-size="10"
          style="font-size: 1rem;"
          text-anchor="end"
          transform="translate(60,60)"
        >
          <path
            class="domain"
            d="M-6,480.5H0.5V0.5H-6"
            stroke="currentColor"
          />
          <g
            class="tick"
            opacity="1"
            transform="translate(0,480.5)"
          >
            <line
              stroke="currentColor"
              x2="-6"
            />
            <text
              dy="0.32em"
              fill="currentColor"
              x="-9"
            >
              0
            </text>
          </g>
          <g
            class="tick"
            opacity="1"
            transform="translate(0,430.5)"
          >
            <line
              stroke="currentColor"
              x2="-6"
            />
            <text
              dy="0.32em"
              fill="currentColor"
              x="-9"
            >
              5
            </text>
          </g>
          <g
            class="tick"
            opacity="1"
            transform="translate(0,380.5)"
          >
            <line
              stroke="currentColor"
              x2="-6"
            />
            <text
              dy="0.32em"
              fill="currentColor"
              x="-9"
            >
              10
            </text>
          </g>
          <g
            class="tick"
            opacity="1"
            transform="translate(0,330.5)"
          >
            <line
              stroke="currentColor"
              x2="-6"
            />
            <text
              dy="0.32em"
              fill="currentColor"
              x="-9"
            >
              15
            </text>
          </g>
          <g
            class="tick"
            opacity="1"
            transform="translate(0,280.5)"
          >
            <line
              stroke="currentColor"
              x2="-6"
            />
            <text
              dy="0.32em"
              fill="currentColor"
              x="-9"
            >
              20
            </text>
          </g>
          <g
            class="tick"
            opacity="1"
            transform="translate(0,230.5)"
          >
            <line
              stroke="currentColor"
              x2="-6"
            />
            <text
              dy="0.32em"
              fill="currentColor"
              x="-9"
            >
              25
            </text>
          </g>
          <g
            class="tick"
            opacity="1"
            transform="translate(0,180.5)"
          >
            <line
              stroke="currentColor"
              x2="-6"
            />
            <text
              dy="0.32em"
              fill="currentColor"
              x="-9"
            >
              30
            </text>
          </g>
          <g
            class="tick"
            opacity="1"
            transform="translate(0,130.5)"
          >
            <line
              stroke="currentColor"
              x2="-6"
            />
            <text
              dy="0.32em"
              fill="currentColor"
              x="-9"
            >
              35
            </text>
          </g>
          <g
            class="tick"
            opacity="1"
            transform="translate(0,80.5)"
          >
            <line
              stroke="currentColor"
              x2="-6"
            />
            <text
              dy="0.32em"
              fill="currentColor"
              x="-9"
            >
              40
            </text>
          </g>
          <g
            class="tick"
            opacity="1"
            transform="translate(0,30.5)"
          >
            <line
              stroke="currentColor"
              x2="-6"
            />
            <text
              dy="0.32em"
              fill="currentColor"
              x="-9"
            >
              45
            </text>
          </g>
          <g
            class="tick"
            opacity="1"
            transform="translate(0,0.5)"
          >
            <line
              stroke="currentColor"
              x2="-6"
            />
            <text
              dy="0.32em"
              fill="currentColor"
              x="-9"
            >
              48
            </text>
          </g>
        </g>
        <text
          class="y-label"
          style="text-anchor: middle;"
          transform="rotate(-90)"
          x="-300"
          y="20px"
        >
          Temperature (C)
        </text>
        <path
          d="M0,460L41,440L82,420L123,400L163,380L204,360L245,340L286,320L327,300L368,280L409,260L450,240L490,220L531,200L572,180L613,160L654,140L695,120L736,100L777,80L817,60L858,40L899,20L940,0"
          fill="none"
          id="line"
          stroke="black"
          stroke-width="1.5"
          transform="translate(60,60)"
        />
        <g>
          <circle
            aria-label="point"
            cx="0"
            cy="460"
            r="7"
            role="application"
            style="fill: #69b3a2; opacity: 1; stroke: white;"
            transform="translate(60,60)"
          />
          <circle
            aria-label="point"
            cx="41"
            cy="440"
            r="7"
            role="application"
            style="fill: #69b3a2; opacity: 1; stroke: white;"
            transform="translate(60,60)"
          />
          <circle
            aria-label="point"
            cx="82"
            cy="420"
            r="7"
            role="application"
            style="fill: #69b3a2; opacity: 1; stroke: white;"
            transform="translate(60,60)"
          />
          <circle
            aria-label="point"
            cx="123"
            cy="400"
            r="7"
            role="application"
            style="fill: #69b3a2; opacity: 1; stroke: white;"
            transform="translate(60,60)"
          />
          <circle
            aria-label="point"
            cx="163"
            cy="380"
            r="7"
            role="application"
            style="fill: #69b3a2; opacity: 1; stroke: white;"
            transform="translate(60,60)"
          />
          <circle
            aria-label="point"
            cx="204"
            cy="360"
            r="7"
            role="application"
            style="fill: #69b3a2; opacity: 1; stroke: white;"
            transform="translate(60,60)"
          />
          <circle
            aria-label="point"
            cx="245"
            cy="340"
            r="7"
            role="application"
            style="fill: #69b3a2; opacity: 1; stroke: white;"
            transform="translate(60,60)"
          />
          <circle
            aria-label="point"
            cx="286"
            cy="320"
            r="7"
            role="application"
            style="fill: #69b3a2; opacity: 1; stroke: white;"
            transform="translate(60,60)"
          />
          <circle
            aria-label="point"
            cx="327"
            cy="300"
            r="7"
            role="application"
            style="fill: #69b3a2; opacity: 1; stroke: white;"
            transform="translate(60,60)"
          />
          <circle
            aria-label="point"
            cx="368"
            cy="280"
            r="7"
            role="application"
            style="fill: #69b3a2; opacity: 1; stroke: white;"
            transform="translate(60,60)"
          />
          <circle
            aria-label="point"
            cx="409"
            cy="260"
            r="7"
            role="application"
            style="fill: #69b3a2; opacity: 1; stroke: white;"
            transform="translate(60,60)"
          />
          <circle
            aria-label="point"
            cx="450"
            cy="240"
            r="7"
            role="application"
            style="fill: #69b3a2; opacity: 1; stroke: white;"
            transform="translate(60,60)"
          />
          <circle
            aria-label="point"
            cx="490"
            cy="220"
            r="7"
            role="application"
            style="fill: #69b3a2; opacity: 1; stroke: white;"
            transform="translate(60,60)"
          />
          <circle
            aria-label="point"
            cx="531"
            cy="200"
            r="7"
            role="application"
            style="fill: #69b3a2; opacity: 1; stroke: white;"
            transform="translate(60,60)"
          />
          <circle
            aria-label="point"
            cx="572"
            cy="180"
            r="7"
            role="application"
            style="fill: #69b3a2; opacity: 1; stroke: white;"
            transform="translate(60,60)"
          />
          <circle
            aria-label="point"
            cx="613"
            cy="160"
            r="7"
            role="application"
            style="fill: #69b3a2; opacity: 1; stroke: white;"
            transform="translate(60,60)"
          />
          <circle
            aria-label="point"
            cx="654"
            cy="140"
            r="7"
            role="application"
            style="fill: #69b3a2; opacity: 1; stroke: white;"
            transform="translate(60,60)"
          />
          <circle
            aria-label="point"
            cx="695"
            cy="120"
            r="7"
            role="application"
            style="fill: #69b3a2; opacity: 1; stroke: white;"
            transform="translate(60,60)"
          />
          <circle
            aria-label="point"
            cx="736"
            cy="100"
            r="7"
            role="application"
            style="fill: #69b3a2; opacity: 1; stroke: white;"
            transform="translate(60,60)"
          />
          <circle
            aria-label="point"
            cx="777"
            cy="80"
            r="7"
            role="application"
            style="fill: #69b3a2; opacity: 1; stroke: white;"
            transform="translate(60,60)"
          />
          <circle
            aria-label="point"
            cx="817"
            cy="60"
            r="7"
            role="application"
            style="fill: #69b3a2; opacity: 1; stroke: white;"
            transform="translate(60,60)"
          />
          <circle
            aria-label="point"
            cx="858"
            cy="40"
            r="7"
            role="application"
            style="fill: #69b3a2; opacity: 1; stroke: white;"
            transform="translate(60,60)"
          />
          <circle
            aria-label="point"
            cx="899"
            cy="20"
            r="7"
            role="application"
            style="fill: #69b3a2; opacity: 1; stroke: white;"
            transform="translate(60,60)"
          />
          <circle
            aria-label="point"
            cx="940"
            cy="0"
            r="7"
            role="application"
            style="fill: #69b3a2; opacity: 1; stroke: white;"
            transform="translate(60,60)"
          />
        </g>
      </g>
    </svg>
    <div
      class="tooltip"
      data-testid="tooltip"
      name="tooltip"
      style="visibility: hidden; background-color: blue; border: solid; border-width: 2px; border-radius: 5px; padding: 5px; position: absolute;"
    />
  </div>
</DocumentFragment>
`;
